{
  "status": "RECORD_CONSISTENT_WITHIN_SCOPED_CHECKS",
  "errors": [],
  "declared_qualified_option_ids": [],
  "emergency_requires_external_review": false,
  "execution_authorized_by_this_validator": false,
  "claim_boundary": "Local shape and declared-record consistency only; evidence truth, complete Canon conformance, cryptographic validation, legal authority and deployment safety are not established.",
  "references": {
    "verified_local_locators": [
      "examples/synthetic_records.json#A-rf_ncrc",
      "examples/synthetic_records.json#A-rg",
      "examples/synthetic_records.json#B-rf_ncrc",
      "examples/synthetic_records.json#B-rg",
      "examples/synthetic_records.json#appeal",
      "examples/synthetic_records.json#closure",
      "examples/synthetic_records.json#plan",
      "examples/synthetic_records.json#robust"
    ],
    "unverified_locators": [],
    "errors": []
  }
}
