{
  "status": "RECORD_CONSISTENT_WITHIN_SCOPED_CHECKS",
  "errors": [],
  "declared_qualified_option_ids": [
    "A",
    "B"
  ],
  "emergency_requires_external_review": false,
  "execution_authorized_by_this_validator": false,
  "claim_boundary": "Local shape and declared-record consistency only; evidence truth, complete Canon conformance, cryptographic validation, legal authority and deployment safety are not established.",
  "references": {
    "verified_local_locators": [
      "examples/synthetic_records.json#A-controls",
      "examples/synthetic_records.json#A-csv",
      "examples/synthetic_records.json#A-rf_ncrc",
      "examples/synthetic_records.json#A-rg",
      "examples/synthetic_records.json#A-rls",
      "examples/synthetic_records.json#A-trc",
      "examples/synthetic_records.json#A-trc_trigger",
      "examples/synthetic_records.json#B-controls",
      "examples/synthetic_records.json#B-csv",
      "examples/synthetic_records.json#B-rf_ncrc",
      "examples/synthetic_records.json#B-rg",
      "examples/synthetic_records.json#B-rls",
      "examples/synthetic_records.json#B-trc",
      "examples/synthetic_records.json#B-trc_trigger",
      "examples/synthetic_records.json#appeal",
      "examples/synthetic_records.json#authorization",
      "examples/synthetic_records.json#closure",
      "examples/synthetic_records.json#comparison-nominal",
      "examples/synthetic_records.json#comparison-sigma_times_two",
      "examples/synthetic_records.json#plan",
      "examples/synthetic_records.json#robust"
    ],
    "unverified_locators": [],
    "errors": []
  }
}
